[
{ symbol: [abs, private, <cstdlib>, public] },
{ symbol: [std::pair, private, <utility>, public] },
{ symbol: [std::hash, private, <functional>, public] },
{ include: [<libintl.h>, private, <gettext.h>, public] },
{ symbol: [ENABLE_NLS, private, '"util/gettextutil.hpp"', public] },

{ include: [ <SDL3/SDL_assert.h>, private, <SDL3/SDL.h>, public ] },
{ include: [ <SDL3/SDL_atomic.h>, private, <SDL3/SDL.h>, public ] },
{ include: [ <SDL3/SDL_audio.h>, private, <SDL3/SDL.h>, public ] },
{ include: [ <SDL3/SDL_bits.h>, private, <SDL3/SDL.h>, public ] },
{ include: [ <SDL3/SDL_blendmode.h>, private, <SDL3/SDL.h>, public ] },
{ include: [ <SDL3/SDL_clipboard.h>, private, <SDL3/SDL.h>, public ] },,
{ include: [ <SDL3/SDL_config.h>, private, <SDL3/SDL.h>, public ] },
{ include: [ <SDL3/SDL_copying.h>, private, <SDL3/SDL.h>, public ] },
{ include: [ <SDL3/SDL_cpuinfo.h>, private, <SDL3/SDL.h>, public ] },
{ include: [ <SDL3/SDL_egl.h>, private, <SDL3/SDL.h>, public ] },
{ include: [ <SDL3/SDL_endian.h>, private, <SDL3/SDL.h>, public ] },
{ include: [ <SDL3/SDL_error.h>, private, <SDL3/SDL.h>, public ] },
{ include: [ <SDL3/SDL_events.h>, private, <SDL3/SDL.h>, public ] },
{ include: [ <SDL3/SDL_filesystem.h>, private, <SDL3/SDL.h>, public ] },
{ include: [ <SDL3/SDL_gamepad.h>, private, <SDL3/SDL.h>, public ] },
{ include: [ <SDL3/SDL_gesture.h>, private, <SDL3/SDL.h>, public ] },
{ include: [ <SDL3/SDL_guid.h>, private, <SDL3/SDL.h>, public ] },
{ include: [ <SDL3/SDL_init.h>, private, <SDL3/SDL.h>, public ] },
{ include: [ <SDL3/SDL_haptic.h>, private, <SDL3/SDL.h>, public ] },
{ include: [ <SDL3/SDL_hidapi.h>, private, <SDL3/SDL.h>, public ] },
{ include: [ <SDL3/SDL_hints.h>, private, <SDL3/SDL.h>, public ] },
# { include: [ <SDL3_image/SDL_image.h>, private, <SDL3/SDL.h>, public ] },
{ include: [ <SDL3/SDL_joystick.h>, private, <SDL3/SDL.h>, public ] },
{ include: [ <SDL3/SDL_keyboard.h>, private, <SDL3/SDL.h>, public ] },
{ include: [ <SDL3/SDL_keycode.h>, private, <SDL3/SDL.h>, public ] },
{ include: [ <SDL3/SDL_loadso.h>, private, <SDL3/SDL.h>, public ] },
{ include: [ <SDL3/SDL_locale.h>, private, <SDL3/SDL.h>, public ] },
{ include: [ <SDL3/SDL_log.h>, private, <SDL3/SDL.h>, public ] },
{ include: [ <SDL3/SDL_main.h>, private, <SDL3/SDL.h>, public ] },
{ include: [ <SDL3/SDL_messagebox.h>, private, <SDL3/SDL.h>, public ] },
{ include: [ <SDL3/SDL_metal.h>, private, <SDL3/SDL.h>, public ] },
{ include: [ <SDL3/SDL_misc.h>, private, <SDL3/SDL.h>, public ] },
# { include: [ <SDL3_mixer/SDL_mixer.h>, private, <SDL3/SDL.h>, public ] },
{ include: [ <SDL3/SDL_mouse.h>, private, <SDL3/SDL.h>, public ] },
{ include: [ <SDL3/SDL_mutex.h>, private, <SDL3/SDL.h>, public ] },
{ include: [ <SDL3/SDL_name.h>, private, <SDL3/SDL.h>, public ] },
{ include: [ <SDL3/SDL_pixels.h>, private, <SDL3/SDL.h>, public ] },
{ include: [ <SDL3/SDL_platform.h>, private, <SDL3/SDL.h>, public ] },
{ include: [ <SDL3/SDL_power.h>, private, <SDL3/SDL.h>, public ] },
{ include: [ <SDL3/SDL_properties.h>, private, <SDL3/SDL.h>, public ] },
{ include: [ <SDL3/SDL_quit.h>, private, <SDL3/SDL.h>, public ] },
{ include: [ <SDL3/SDL_rect.h>, private, <SDL3/SDL.h>, public ] },
{ include: [ <SDL3/SDL_render.h>, private, <SDL3/SDL.h>, public ] },
{ include: [ <SDL3/SDL_revision.h>, private, <SDL3/SDL.h>, public ] },
{ include: [ <SDL3/SDL_rwops.h>, private, <SDL3/SDL.h>, public ] },
{ include: [ <SDL3/SDL_scancode.h>, private, <SDL3/SDL.h>, public ] },
{ include: [ <SDL3/SDL_sensor.h>, private, <SDL3/SDL.h>, public ] },
{ include: [ <SDL3/SDL_shape.h>, private, <SDL3/SDL.h>, public ] },
{ include: [ <SDL3/SDL_stdinc.h>, private, <SDL3/SDL.h>, public ] },
{ include: [ <SDL3/SDL_surface.h>, private, <SDL3/SDL.h>, public ] },
{ include: [ <SDL3/SDL_system.h>, private, <SDL3/SDL.h>, public ] },
{ include: [ <SDL3/SDL_syswm.h>, private, <SDL3/SDL.h>, public ] },
{ include: [ <SDL3/SDL_test_assert.h>, private, <SDL3/SDL.h>, public ] },
{ include: [ <SDL3/SDL_test_common.h>, private, <SDL3/SDL.h>, public ] },
{ include: [ <SDL3/SDL_test_compare.h>, private, <SDL3/SDL.h>, public ] },
{ include: [ <SDL3/SDL_test_crc32.h>, private, <SDL3/SDL.h>, public ] },
{ include: [ <SDL3/SDL_test_font.h>, private, <SDL3/SDL.h>, public ] },
{ include: [ <SDL3/SDL_test_fuzzer.h>, private, <SDL3/SDL.h>, public ] },
{ include: [ <SDL3/SDL_test.h>, private, <SDL3/SDL.h>, public ] },
{ include: [ <SDL3/SDL_test_harness.h>, private, <SDL3/SDL.h>, public ] },
{ include: [ <SDL3/SDL_test_images.h>, private, <SDL3/SDL.h>, public ] },
{ include: [ <SDL3/SDL_test_log.h>, private, <SDL3/SDL.h>, public ] },
{ include: [ <SDL3/SDL_test_md5.h>, private, <SDL3/SDL.h>, public ] },
{ include: [ <SDL3/SDL_test_memory.h>, private, <SDL3/SDL.h>, public ] },
{ include: [ <SDL3/SDL_test_random.h>, private, <SDL3/SDL.h>, public ] },
{ include: [ <SDL3/SDL_thread.h>, private, <SDL3/SDL.h>, public ] },
{ include: [ <SDL3/SDL_timer.h>, private, <SDL3/SDL.h>, public ] },
{ include: [ <SDL3/SDL_touch.h>, private, <SDL3/SDL.h>, public ] },
# { include: [ <SDL3_ttf/SDL_ttf.h>, private, <SDL3/SDL.h>, public ] },
{ include: [ <SDL3/SDL_types.h>, private, <SDL3/SDL.h>, public ] },
{ include: [ <SDL3/SDL_version.h>, private, <SDL3/SDL.h>, public ] },
{ include: [ <SDL3/SDL_video.h>, private, <SDL3/SDL.h>, public ] },
{ include: [ <SDL3/SDL_vulkan.h>, private, <SDL3/SDL.h>, public ] },
{ include: [ <SDL3/SDL_assert.h>, private, <SDL3/SDL.h>, public ] },


{ include: [ <SDL3/SDL_opengles2_gl2ext.h>, private, <SDL3/SDL_opengl.h>, public ] },
{ include: [ <SDL3/SDL_opengles2_gl2.h>, private, <SDL3/SDL_opengl.h>, public ] },
{ include: [ <SDL3/SDL_opengles2_gl2platform.h>, private, <SDL3/SDL_opengl.h>, public ] },
{ include: [ <SDL3/SDL_opengles2.h>, private, <SDL3/SDL_opengl.h>, public ] },
{ include: [ <SDL3/SDL_opengles2_khrplatform.h>, private, <SDL3/SDL_opengl.h>, public ] },
{ include: [ <SDL3/SDL_opengles.h>, private, <SDL3/SDL_opengl.h>, public ] },
{ include: [ <SDL3/SDL_opengl_glext.h>, private, <SDL3/SDL_opengl.h>, public ] },
# { include: [ <SDL3/SDL_opengl.h>, private, <SDL3/SDL_opengl.h>, public ] },
]
